// Jest Snapshot v1, https://goo.gl/fbAQLP

exports[`AvatarStack should be rendered correctly 1`] = `
<div
  className="root container align-items-center"
>
  <div
    className="avatars container avatar-right container align-items-center"
    role="group"
    style={
      Object {
        "--overlap": "-9px",
      }
    }
  >
    <img
      alt="avatar"
      className="avatar"
      height="36"
      onError={[Function]}
      src="https://avatars.dicebear.com/api/human/avatar12.svg?background=%23EBEDF5&radius=50"
      width="36"
    />
    <img
      alt="avatar"
      className="avatar"
      height="36"
      onError={[Function]}
      src="https://avatars.dicebear.com/api/human/avatar12.svg?background=%23EBEDF5&radius=50"
      width="36"
    />
    <img
      alt="avatar"
      className="avatar"
      height="36"
      onError={[Function]}
      src="https://avatars.dicebear.com/api/human/avatar12.svg?background=%23EBEDF5&radius=50"
      width="36"
    />
  </div>
  <div
    className="avatarsCount"
  >
    +2
  </div>
</div>
`;
