// Jest Snapshot v1, https://goo.gl/fbAQLP

exports[`RangeDataPicker should be rendered correctly 1`] = `
<div
  className="dateInputGroup"
  onBlur={[Function]}
  onClick={[Function]}
>
  <div
    className="container uui-input-box -clickable text-input-vars root size-36 mode-form uui-theme-promo dateInput size-36"
    onBlur={[Function]}
    onFocus={[Function]}
    tabIndex={-1}
  >
    <div
      className="container uui-icon uui-enabled"
      style={Object {}}
    >
      <svg
        className=""
      />
    </div>
    <input
      className="uui-input"
      onChange={[Function]}
      onKeyDown={[Function]}
      placeholder="From:"
      tabIndex={0}
      type="text"
      value=""
    />
  </div>
  <div
    className="separator"
  />
  <div
    className="container uui-input-box -clickable text-input-vars root size-36 mode-form uui-theme-promo dateInput size-36"
    onBlur={[Function]}
    onFocus={[Function]}
    tabIndex={-1}
  >
    <input
      className="uui-input"
      onChange={[Function]}
      onKeyDown={[Function]}
      placeholder="To:"
      tabIndex={0}
      type="text"
      value=""
    />
  </div>
</div>
`;

exports[`RangeDataPicker should be rendered correctly 2`] = `
<div
  className="dateInputGroup uui-disabled uui-readonly uui-invalid"
  onBlur={[Function]}
  onClick={false}
>
  <div
    className="container uui-input-box uui-disabled uui-readonly uui-invalid text-input-vars root size-36 mode-form uui-theme-promo dateInput size-36"
    onBlur={[Function]}
    onFocus={[Function]}
    tabIndex={-1}
  >
    <div
      className="container uui-icon uui-enabled"
      style={Object {}}
    >
      <svg
        className=""
      />
    </div>
    <input
      aria-disabled={true}
      aria-invalid={true}
      aria-readonly={true}
      className="uui-input"
      disabled={true}
      onChange={[Function]}
      onKeyDown={[Function]}
      placeholder=""
      readOnly={true}
      tabIndex={-1}
      type="text"
      value=""
    />
  </div>
  <div
    className="separator"
  />
  <div
    className="container uui-input-box uui-disabled uui-readonly uui-invalid text-input-vars root size-36 mode-form uui-theme-promo dateInput size-36"
    onBlur={[Function]}
    onFocus={[Function]}
    tabIndex={-1}
  >
    <input
      aria-disabled={true}
      aria-invalid={true}
      aria-readonly={true}
      className="uui-input"
      disabled={true}
      onChange={[Function]}
      onKeyDown={[Function]}
      placeholder=""
      readOnly={true}
      tabIndex={-1}
      type="text"
      value=""
    />
  </div>
</div>
`;
