// Jest Snapshot v1, https://goo.gl/fbAQLP

exports[`DataTable should be rendered correctly 1`] = `
<div
  className="root root theme-light"
  cx={
    Array [
      Array [
        "root",
        "theme-light",
      ],
      undefined,
    ]
  }
  style={
    Object {
      "display": "flex",
      "height": "100%",
      "overflow": "hidden",
      "position": "relative",
      "width": "100%",
    }
  }
>
  <div
    style={
      Object {
        "WebkitOverflowScrolling": "touch",
        "bottom": 0,
        "flex": "1 1 auto",
        "left": 0,
        "marginBottom": 0,
        "marginRight": 0,
        "overflow": "scroll",
        "position": "relative",
        "right": 0,
        "top": 0,
      }
    }
  >
    <div
      aria-colcount={0}
      className="table shadow-dark"
      role="table"
    >
      <div
        className="stickyHeader"
      >
        <div
          className="container uui-table-row-container root uui-table-header-row container align-items-top"
          role="row"
        >
          <div
            className="container"
            style={
              Object {
                "flex": "0 0 0px",
              }
            }
          />
        </div>
        <div
          className="uui-scroll-shadow-top"
        />
      </div>
      <div
        className="verticalIntersectingRect"
      />
      <div
        className="horizontalIntersectingRect"
      />
      <div
        className="listContainer"
        role="rowgroup"
        style={
          Object {
            "marginTop": 0,
            "minHeight": "0px",
          }
        }
      />
    </div>
  </div>
  <div
    className="uui-track-horizontal"
    style={
      Object {
        "display": "none",
        "height": 6,
        "position": "absolute",
      }
    }
  >
    <div
      className="uui-thumb-horizontal"
    />
  </div>
  <div
    className="uui-track-vertical"
    style={
      Object {
        "display": "none",
        "position": "absolute",
        "width": 6,
      }
    }
  >
    <div
      className="uui-thumb-vertical"
    />
  </div>
</div>
`;
