// Jest Snapshot v1, https://goo.gl/fbAQLP

exports[`PickerToggler should be rendered correctly 1`] = `
<div
  className="container uui-input-box root size-36 mode-form"
  onBlur={[Function]}
  onClick={[Function]}
  onFocus={[Function]}
  tabIndex={0}
>
  <div
    className="body"
    data-testid="uui-PickerToggler-body"
  >
    <input
      aria-haspopup={true}
      autoComplete="no"
      className="uui-input singleInput"
      data-testid="uui-PickerToggler-input"
      onChange={[Function]}
      tabIndex={-1}
      type="text"
      value=""
    />
  </div>
  <div
    className="actions"
  />
</div>
`;

exports[`PickerToggler should be rendered correctly 2`] = `
<div
  className="container uui-input-box -clickable root size-48 mode-form"
  onBlur={[Function]}
  onClick={[Function]}
  onFocus={[Function]}
  onKeyDown={[Function]}
  tabIndex={0}
>
  <div
    className="body multiline"
    data-testid="uui-PickerToggler-body"
  >
    <button
      className="container uui-button-box uui-enabled size-42 root"
      data-testid="uui-PickerToggler-item-test"
      onClick={[Function]}
      tabIndex={-1}
      type="button"
    >
      <div
        className="uui-caption"
      >
        test
      </div>
      <div
        className="container uui-icon uui-enabled -clickable -clickable"
        onClick={[Function]}
        style={Object {}}
      >
        <svg
          className=""
        />
      </div>
    </button>
  </div>
  <div
    className="actions"
  >
    <div
      aria-label="Clear"
      className="container uui-icon uui-enabled -clickable uui-icon-cancel -clickable"
      onClick={[Function]}
      role="button"
      style={Object {}}
      tabIndex={-1}
    >
      <svg
        className=""
      />
    </div>
  </div>
</div>
`;
