// Jest Snapshot v1, https://goo.gl/fbAQLP

exports[`Button should be rendered correctly 1`] = `
<button
  className="container uui-button-box uui-enabled uui-button button-color-primary root mode-solid size-36 color-sky"
  href={null}
  onClick={[Function]}
  role="button"
  tabIndex={-1}
  type="button"
/>
`;

exports[`Button should be rendered correctly with props 1`] = `
<button
  aria-disabled={false}
  className="container uui-button-box uui-enabled -clickable uui-button button-color-sun root mode-solid size-36 color-sun"
  href={null}
  onClick={[Function]}
  role="button"
  tabIndex={0}
  type="button"
>
  <div
    className="uui-count"
  >
    10
  </div>
  <div
    className="uui-caption line-height-18 font-size-14 v-padding-8"
  >
    Click me
  </div>
  <div
    className="container uui-icon uui-enabled"
    style={Object {}}
  >
    <svg
      className=""
    />
  </div>
  <div
    className="container uui-icon uui-enabled"
    style={Object {}}
  >
    <svg
      className="flipY"
    />
  </div>
  <div
    className="container uui-icon uui-enabled -clickable -clickable"
    onClick={[MockFunction]}
    style={Object {}}
  >
    <svg
      className=""
    />
  </div>
</button>
`;
