// Jest Snapshot v1, https://goo.gl/fbAQLP

exports[`ControlGroup should be rendered correctly 1`] = `
<div
  className="container root"
  role="group"
>
  <button
    className="container uui-button-box uui-enabled button-vars button-color-primary root size-36 mode-solid color-sky size-36 style-square"
    href={null}
    onClick={[Function]}
    role="button"
    tabIndex={-1}
    type="button"
  >
    <div
      className="uui-caption line-height-18 font-size-14 v-padding-8"
    >
      On
    </div>
  </button>
  <button
    className="container uui-button-box uui-enabled button-vars button-color-sun root size-36 mode-solid color-sun size-36 style-square"
    href={null}
    onClick={[Function]}
    role="button"
    tabIndex={-1}
    type="button"
  >
    <div
      className="uui-caption line-height-18 font-size-14 v-padding-8"
    >
      Off
    </div>
  </button>
</div>
`;
