// Jest Snapshot v1, https://goo.gl/fbAQLP

exports[`ControlWrapper should rendered correctly 1`] = `
<div
  className="root size-36"
>
  <button
    className="container uui-button-box uui-enabled uui-button button-color-primary root mode-solid color-sky size-36 style-square"
    href={null}
    onClick={[Function]}
    role="button"
    tabIndex={-1}
    type="button"
  >
    <div
      className="uui-caption line-height-18 font-size-14 v-padding-8"
    >
      On
    </div>
  </button>
  <button
    className="container uui-button-box uui-enabled uui-button button-color-sun root mode-solid color-sun size-36 style-square"
    href={null}
    onClick={[Function]}
    role="button"
    tabIndex={-1}
    type="button"
  >
    <div
      className="uui-caption line-height-18 font-size-14 v-padding-8"
    >
      Off
    </div>
  </button>
</div>
`;
