// Jest Snapshot v1, https://goo.gl/fbAQLP

exports[`Paginator should be rendered correctly 1`] = `
<nav
  className="root"
  role="navigation"
>
  <button
    aria-disabled={true}
    className="container uui-button-box uui-disabled -clickable button-vars button-color-night400 root size-24 mode-solid color-night400 size-24 style-square fill-solid size-24"
    href={null}
    onClick={[Function]}
    role="button"
    tabIndex={-1}
  >
    <div
      className="container uui-icon uui-enabled"
      style={Object {}}
    >
      <svg
        className=""
      />
    </div>
  </button>
  <button
    aria-current={true}
    className="container uui-button-box uui-enabled -clickable button-vars button-color-sky root size-24 mode-outline color-sky size-24 style-square fill-white size-24"
    href={null}
    onClick={[Function]}
    role="button"
    tabIndex={0}
  >
    <div
      className="uui-caption line-height-18 font-size-12 v-padding-2"
    >
      1
    </div>
  </button>
  <button
    className="container uui-button-box uui-enabled -clickable button-vars button-color-sky root size-24 mode-ghost color-sky size-24 style-square fill-light size-24"
    href={null}
    onClick={[Function]}
    role="button"
    tabIndex={0}
  >
    <div
      className="uui-caption line-height-18 font-size-12 v-padding-2"
    >
      2
    </div>
  </button>
  <button
    className="container uui-button-box uui-enabled -clickable button-vars button-color-sky root size-24 mode-ghost color-sky size-24 style-square fill-light size-24"
    href={null}
    onClick={[Function]}
    role="button"
    tabIndex={0}
  >
    <div
      className="uui-caption line-height-18 font-size-12 v-padding-2"
    >
      3
    </div>
  </button>
  <button
    className="container uui-button-box uui-enabled -clickable button-vars button-color-sky root size-24 mode-ghost color-sky size-24 style-square fill-light size-24"
    href={null}
    onClick={[Function]}
    role="button"
    tabIndex={0}
  >
    <div
      className="uui-caption line-height-18 font-size-12 v-padding-2"
    >
      4
    </div>
  </button>
  <button
    className="container uui-button-box uui-enabled -clickable button-vars button-color-sky root size-24 mode-ghost color-sky size-24 style-square fill-light size-24"
    href={null}
    onClick={[Function]}
    role="button"
    tabIndex={0}
  >
    <div
      className="uui-caption line-height-18 font-size-12 v-padding-2"
    >
      5
    </div>
  </button>
  <button
    className="container uui-button-box uui-enabled button-vars button-color-sky root size-24 mode-ghost color-sky size-24 style-square fill-light size-24"
    href={null}
    onClick={[Function]}
    role="button"
    tabIndex={-1}
  >
    <div
      className="uui-caption line-height-18 font-size-12 v-padding-2"
    >
      ...
    </div>
  </button>
  <button
    className="container uui-button-box uui-enabled -clickable button-vars button-color-sky root size-24 mode-ghost color-sky size-24 style-square fill-light size-24"
    href={null}
    onClick={[Function]}
    role="button"
    tabIndex={0}
  >
    <div
      className="uui-caption line-height-18 font-size-12 v-padding-2"
    >
      10
    </div>
  </button>
  <button
    aria-disabled={false}
    className="container uui-button-box uui-enabled -clickable button-vars button-color-night400 root size-24 mode-outline color-night400 size-24 style-square fill-white size-24"
    href={null}
    onClick={[Function]}
    role="button"
    tabIndex={0}
  >
    <div
      className="container uui-icon uui-enabled"
      style={Object {}}
    >
      <svg
        className=""
      />
    </div>
  </button>
</nav>
`;
