// Jest Snapshot v1, https://goo.gl/fbAQLP

exports[`LinkButton should render with maximum props 1`] = `
<button
  aria-disabled={false}
  className="container uui-button-box uui-enabled -clickable root size-36 uui-has-left-icon uui-has-right-icon"
  onClick={[Function]}
  tabIndex={0}
  type="button"
>
  <div
    className="container uui-icon uui-enabled"
    style={Object {}}
  >
    <svg
      className=""
    />
  </div>
  <div
    className="container uui-icon uui-enabled"
    style={Object {}}
  >
    <svg
      className=""
    />
  </div>
  <div
    className="container uui-icon uui-enabled -clickable -clickable"
    onClick={[Function]}
    style={Object {}}
  >
    <svg
      className=""
    />
  </div>
</button>
`;

exports[`LinkButton should render with minimum props 1`] = `
<button
  className="container uui-button-box uui-enabled root size-36 uui-no-left-icon uui-no-right-icon"
  onClick={[Function]}
  tabIndex={-1}
  type="button"
/>
`;
