// Jest Snapshot v1, https://goo.gl/fbAQLP

exports[`DataPickerBody should be rendered correctly 1`] = `
<div
  className="root size-36 background-white spacing-6 body container align-items-center"
  style={
    Object {
      "columnGap": undefined,
      "maxHeight": undefined,
      "rowGap": undefined,
    }
  }
>
  <div
    className="no-found-size-36"
    style={
      Object {
        "alignSelf": undefined,
        "flexBasis": "0",
        "flexGrow": 1,
        "flexShrink": undefined,
        "minWidth": 0,
        "textAlign": "center",
      }
    }
  >
    <div
      className="uui-font-sans uui-text-night700 root line-height-18 font-size-14 v-padding-9 container"
    >
      No Results found
    </div>
  </div>
</div>
`;

exports[`DataPickerBody should be rendered correctly with empty rows 1`] = `
<div
  className="root size-36 background-white spacing-6 body container align-items-center"
  style={
    Object {
      "columnGap": undefined,
      "maxHeight": undefined,
      "rowGap": undefined,
    }
  }
>
  <div
    className="no-found-size-36"
    style={
      Object {
        "alignSelf": undefined,
        "flexBasis": "0",
        "flexGrow": 1,
        "flexShrink": undefined,
        "minWidth": 0,
        "textAlign": "center",
      }
    }
  >
    <div
      className="uui-font-sans uui-text-night700 root line-height-18 font-size-14 v-padding-9 container"
    >
      No Results found
    </div>
  </div>
</div>
`;

exports[`DataPickerBody should be rendered correctly with extra props 1`] = `
Array [
  <div
    className="searchWrapper search-size-24"
  >
    <div
      className=""
      style={
        Object {
          "alignSelf": undefined,
          "flexBasis": "0",
          "flexGrow": 1,
          "flexShrink": undefined,
          "minWidth": 0,
          "textAlign": undefined,
        }
      }
    >
      <div
        className="container uui-input-box -clickable root size-24 mode-form size-24 search"
        onBlur={[Function]}
        onFocus={[Function]}
        tabIndex={-1}
      >
        <div
          className="container uui-icon uui-enabled"
          style={Object {}}
        >
          <svg
            className=""
          />
        </div>
        <input
          aria-invalid={false}
          className="uui-input"
          inputMode="search"
          onChange={[Function]}
          onKeyDown={[Function]}
          placeholder="Search"
          tabIndex={0}
          type="search"
          value=""
        />
      </div>
    </div>
  </div>,
  <div
    className="root size-36 background-white spacing-6 body container align-items-center"
    style={
      Object {
        "columnGap": undefined,
        "maxHeight": 200,
        "rowGap": undefined,
      }
    }
  >
    <div>
      Not found
    </div>
  </div>,
]
`;
