// Jest Snapshot v1, https://goo.gl/fbAQLP

exports[`Button should be rendered correctly 1`] = `
<button
  className="container uui-button-box uui-enabled button-vars button-color-primary root size-36 mode-solid"
  href={null}
  onClick={[Function]}
  role="button"
  tabIndex={-1}
/>
`;

exports[`Button should be rendered correctly with props 1`] = `
<button
  aria-disabled={false}
  className="container uui-button-box uui-enabled -clickable button-vars button-color-accent root size-36 mode-outline"
  href={null}
  onClick={[Function]}
  role="button"
  tabIndex={0}
>
  <div
    className="uui-count"
  >
    10
  </div>
  <div
    className="uui-caption"
  >
    Click me
  </div>
  <div
    className="container uui-icon uui-enabled"
    style={Object {}}
  >
    <svg
      className=""
    />
  </div>
  <div
    className="container uui-icon uui-enabled"
    style={Object {}}
  >
    <svg
      className="flipY"
    />
  </div>
  <div
    className="container uui-icon uui-enabled -clickable -clickable"
    onClick={[Function]}
    style={Object {}}
  >
    <svg
      className=""
    />
  </div>
</button>
`;
