// Jest Snapshot v1, https://goo.gl/fbAQLP

exports[`Tooltip should be rendered correctly 1`] = `
<div
  className="uui-dummy-wrapper"
>
  Test
</div>
`;

exports[`Tooltip should be rendered correctly with props 1`] = `
<div
  className="uui-dummy-wrapper"
>
  Test
</div>
`;
